
> Configure project :app
WARNING: BuildType 'debug' is both debuggable and has 'isMinifyEnabled' set to true.
Debuggable builds are no longer name minified and all code optimizations and obfuscation will be disabled.
WARNING: BuildType 'debug' is both debuggable and has 'isMinifyEnabled' set to true.
Debuggable builds are no longer name minified and all code optimizations and obfuscation will be disabled.

> Task :app:preBuild UP-TO-DATE
> Task :app:preNonRootDebugBuild UP-TO-DATE
> Task :app:configureNdkBuildDebug[arm64-v8a]-2
> Task :app:buildNdkBuildDebug[arm64-v8a]-2
> Task :app:configureNdkBuildDebug[armeabi-v7a]-2
> Task :app:buildNdkBuildDebug[armeabi-v7a]-2
> Task :app:configureNdkBuildDebug[x86]-2
> Task :app:buildNdkBuildDebug[x86]-2
> Task :app:configureNdkBuildDebug[x86_64]-2
> Task :app:buildNdkBuildDebug[x86_64]-2
> Task :app:mergeNonRootDebugJniLibFolders UP-TO-DATE
> Task :app:mergeNonRootDebugNativeLibs UP-TO-DATE
> Task :app:stripNonRootDebugDebugSymbols UP-TO-DATE
> Task :app:extractNonRootDebugNativeDebugMetadata UP-TO-DATE
> Task :app:mergeNonRootDebugNativeDebugMetadata UP-TO-DATE
> Task :app:generateNonRootDebugBuildConfig UP-TO-DATE
> Task :app:checkNonRootDebugAarMetadata UP-TO-DATE
> Task :app:generateNonRootDebugResValues UP-TO-DATE
> Task :app:mapNonRootDebugSourceSetPaths UP-TO-DATE
> Task :app:generateNonRootDebugResources UP-TO-DATE
> Task :app:mergeNonRootDebugResources UP-TO-DATE
> Task :app:packageNonRootDebugResources UP-TO-DATE
> Task :app:parseNonRootDebugLocalResources UP-TO-DATE
> Task :app:createNonRootDebugCompatibleScreenManifests UP-TO-DATE
> Task :app:extractDeepLinksNonRootDebug UP-TO-DATE
> Task :app:processNonRootDebugMainManifest UP-TO-DATE
> Task :app:processNonRootDebugManifest UP-TO-DATE
> Task :app:processNonRootDebugManifestForPackage UP-TO-DATE
> Task :app:processNonRootDebugResources UP-TO-DATE
> Task :app:javaPreCompileNonRootDebug UP-TO-DATE
> Task :app:mergeNonRootDebugShaders UP-TO-DATE
> Task :app:compileNonRootDebugShaders NO-SOURCE
> Task :app:generateNonRootDebugAssets UP-TO-DATE
> Task :app:mergeNonRootDebugAssets UP-TO-DATE
> Task :app:compressNonRootDebugAssets UP-TO-DATE
> Task :app:checkNonRootDebugDuplicateClasses UP-TO-DATE
> Task :app:mergeNonRootDebugArtProfile UP-TO-DATE
> Task :app:extractProguardFiles UP-TO-DATE
> Task :app:mergeNonRootDebugStartupProfile UP-TO-DATE
> Task :app:validateSigningNonRootDebug UP-TO-DATE
> Task :app:writeNonRootDebugAppMetadata UP-TO-DATE
> Task :app:writeNonRootDebugSigningConfigVersions UP-TO-DATE

> Task :app:compileNonRootDebugKotlin
w: file:///C:/Users/roi/Documents/GitHub/prettylight-android/app/src/main/java/com/limelight/ui/compose/PcViewScreen.kt:147:5 Parameter 'onLongClick' is never used

> Task :app:compileNonRootDebugJavaWithJavac
.\gradlew.bat : C:\Users\roi\Documents\GitHub\prettylight-android\app\src\main\java\com\limelight\PcView.java:126: 
error: incompatible types: bad return type in lambda expression
At line:1 char:75
+ ... 8-hotspot"; .\gradlew.bat assembleNonRootDebug > build_output.txt 2>& ...
+                 ~~~~~~~~~~~~~~~~~~~~~~~~~~~~~~~~~~~~~~~~~~~~~~~~~~~~~~~~~
    + CategoryInfo          : NotSpecified: (C:\Users\roi\Do...mbda expression:String) [], RemoteException
    + FullyQualifiedErrorId : NativeCommandError
 
            () -> startActivity(new Intent(PcView.this, StreamSettings.class)),
                               ^
    void cannot be converted to Unit
Note: Some input files use or override a deprecated API.
Note: Recompile with -Xlint:deprecation for details.
Note: Some messages have been simplified; recompile with -Xdiags:verbose to get full output
1 error

> Task :app:compileNonRootDebugJavaWithJavac FAILED

FAILURE: Build failed with an exception.

* What went wrong:
Execution failed for task ':app:compileNonRootDebugJavaWithJavac'.
> Compilation failed; see the compiler error output for details.

* Try:
> Run with --info option to get more log output.
> Run with --scan to get full insights.

Deprecated Gradle features were used in this build, making it incompatible with Gradle 9.0.

You can use '--warning-mode all' to show the individual deprecation warnings and determine if they come from your own scripts or plugins.

For more on this, please refer to https://docs.gradle.org/8.7/userguide/command_line_interface.html#sec:command_line_warnings in the Gradle documentation.

BUILD FAILED in 14s
40 actionable tasks: 10 executed, 30 up-to-date
